Warp CUDA error 100: no CUDA-capable device is detected (in function init_cuda_driver, /builds/omniverse/warp/warp/native/cuda_util.cpp:308)
[probe] GT rotations orthonormalized (max element change 4.05e-08)
M-O/I0 ho3d/AP10: n=176 rot snapref/C1/C2 = 9.10/6.10/5.56  trans = 90.4/31.6/27.8  win 28%
[probe] GT rotations orthonormalized (max element change 3.82e-08)
M-O/I0 ho3d/AP11: n=176 rot snapref/C1/C2 = 9.31/7.18/10.27  trans = 139.3/83.3/115.0  win 34%
[probe] GT rotations orthonormalized (max element change 3.97e-08)
M-O/I0 ho3d/AP12: n=170 rot snapref/C1/C2 = 4.74/2.03/3.07  trans = 57.2/16.4/23.0  win 11%
[probe] GT rotations orthonormalized (max element change 3.92e-08)
M-O/I0 ho3d/AP13: n=165 rot snapref/C1/C2 = 4.45/2.31/2.19  trans = 50.7/19.8/18.7  win 19%
[probe] GT rotations orthonormalized (max element change 3.86e-08)
M-O/I0 ho3d/AP14: n=166 rot snapref/C1/C2 = 4.78/1.81/2.05  trans = 44.7/12.5/13.7  win 14%
[probe] GT rotations orthonormalized (max element change 4.09e-08)
M-O/I0 ho3d/MPM10: n=236 rot snapref/C1/C2 = 9.12/5.82/4.85  trans = 108.2/31.0/30.6  win 23%
[probe] GT rotations orthonormalized (max element change 3.99e-08)
M-O/I0 ho3d/MPM11: n=248 rot snapref/C1/C2 = 9.71/5.72/8.01  trans = 151.5/46.6/72.6  win 21%
[probe] GT rotations orthonormalized (max element change 3.99e-08)
M-O/I0 ho3d/MPM12: n=228 rot snapref/C1/C2 = 6.19/4.13/5.87  trans = 68.2/19.7/25.7  win 24%
[probe] GT rotations orthonormalized (max element change 3.66e-08)
M-O/I0 ho3d/MPM13: n=213 rot snapref/C1/C2 = 4.92/2.67/2.37  trans = 116.7/19.7/18.7  win 24%
[probe] GT rotations orthonormalized (max element change 4.03e-08)
M-O/I0 ho3d/MPM14: n=224 rot snapref/C1/C2 = 7.14/2.73/2.60  trans = 105.5/21.4/20.0  win 11%
[probe] GT rotations orthonormalized (max element change 3.81e-08)
M-O/I0 ho3d/SB11: n=218 rot snapref/C1/C2 = 10.50/4.58/3.77  trans = 204.1/45.6/39.9  win 21%
[probe] GT rotations orthonormalized (max element change 3.89e-08)
M-O/I0 ho3d/SB13: n=206 rot snapref/C1/C2 = 6.65/3.25/3.03  trans = 105.1/24.0/21.9  win 27%
[probe] GT rotations orthonormalized (max element change 3.54e-08)
M-O/I0 ho3d/SM1: n=277 rot snapref/C1/C2 = 5.70/3.90/3.77  trans = 78.3/27.4/26.0  win 32%
[probe] GT rotations orthonormalized (max element change 3.81e-08)
M-O/I1 ho3d/SB11: n=218 rot snapref/C1/C2 = 7.44/4.58/3.77  trans = 102.1/45.6/39.9  win 27%
[probe] GT rotations orthonormalized (max element change 3.89e-08)
M-O/I1 ho3d/SB13: n=206 rot snapref/C1/C2 = 5.18/3.25/3.03  trans = 69.7/24.0/21.9  win 33%
[probe] GT rotations orthonormalized (max element change 3.62e-04)
M-O/I1 ycb/bleach0: n=32 rot snapref/C1/C2 = 21.02/19.91/24.37  trans = 312.5/214.0/208.7  win 25%
[probe] GT rotations orthonormalized (max element change 3.41e-07)
M-O/I1 ycb/bleach_hard_00_03_chaitanya: n=35 rot snapref/C1/C2 = 9.13/4.90/4.20  trans = 140.2/32.7/29.7  win 17%
[probe] GT rotations orthonormalized (max element change 7.77e-16)
M-O/I1 ycb/cracker_box_reorient: n=19 rot snapref/C1/C2 = 6.55/5.23/5.36  trans = 150.2/39.7/48.5  win 42%
[probe] GT rotations orthonormalized (max element change 3.51e-04)
M-O/I1 ycb/cracker_box_yalehand0: n=37 rot snapref/C1/C2 = 7.94/6.81/8.38  trans = 85.7/66.5/78.1  win 49%
[probe] GT rotations orthonormalized (max element change 1.41e-03)
M-O/I1 ycb/mustard0: n=36 rot snapref/C1/C2 = 4.38/6.40/4.62  trans = 86.1/68.4/44.7  win 75%
[probe] GT rotations orthonormalized (max element change 7.66e-07)
M-O/I1 ycb/mustard_easy_00_02: n=31 rot snapref/C1/C2 = 5.59/3.99/3.78  trans = 89.8/35.0/32.2  win 29%
[probe] GT rotations orthonormalized (max element change 3.88e-04)
M-O/I1 ycb/sugar_box1: n=42 rot snapref/C1/C2 = 8.12/5.91/6.27  trans = 102.6/61.8/67.9  win 48%
[probe] GT rotations orthonormalized (max element change 1.50e-03)
M-O/I1 ycb/sugar_box_yalehand0: n=42 rot snapref/C1/C2 = 7.86/6.91/7.04  trans = 152.2/71.9/68.2  win 38%
[probe] GT rotations orthonormalized (max element change 1.48e-03)
M-O/I1 ycb/tomato_soup_can_yalehand0: n=215 rot snapref/C1/C2 = 28.60/32.57/35.97  trans = 343.2/307.9/359.3  win 53%
[probe] GT rotations orthonormalized (max element change 3.97e-08)
M-O/I2 ho3d/AP12: n=170 rot snapref/C1/C2 = 4.98/2.03/3.07  trans = 40.9/16.4/23.0  win 11%
[probe] GT rotations orthonormalized (max element change 4.09e-08)
M-O/I2 ho3d/MPM10: n=236 rot snapref/C1/C2 = 10.56/5.82/4.85  trans = 95.0/31.0/30.6  win 24%
[probe] GT rotations orthonormalized (max element change 1.41e-03)
M-O/I2 ycb/mustard0: n=36 rot snapref/C1/C2 = 8.27/6.40/4.62  trans = 85.2/68.4/44.7  win 28%
[probe] GT rotations orthonormalized (max element change 3.54e-08)
M-V/I0 ho3d/SM1: n=277 rot snapref/C1/C2 = 5.52/3.90/3.77  trans = 38.7/27.4/26.0  win 25%
[probe] GT rotations orthonormalized (max element change 3.89e-08)
M-V/I1 ho3d/SB13: n=206 rot snapref/C1/C2 = 4.74/3.25/3.03  trans = 36.2/24.0/21.9  win 33%
[probe] GT rotations orthonormalized (max element change 3.54e-08)
M-V/I1 ho3d/SM1: n=277 rot snapref/C1/C2 = 5.17/3.90/3.77  trans = 38.5/27.4/26.0  win 24%
[probe] GT rotations orthonormalized (max element change 3.62e-04)
M-V/I1 ycb/bleach0: n=32 rot snapref/C1/C2 = 20.61/19.91/24.37  trans = 240.2/214.0/208.7  win 28%
[probe] GT rotations orthonormalized (max element change 3.41e-07)
M-V/I1 ycb/bleach_hard_00_03_chaitanya: n=35 rot snapref/C1/C2 = 8.30/4.90/4.20  trans = 84.2/32.7/29.7  win 23%
[probe] GT rotations orthonormalized (max element change 7.77e-16)
M-V/I1 ycb/cracker_box_reorient: n=19 rot snapref/C1/C2 = 5.27/5.23/5.36  trans = 81.1/39.7/48.5  win 32%
[probe] GT rotations orthonormalized (max element change 3.51e-04)
M-V/I1 ycb/cracker_box_yalehand0: n=37 rot snapref/C1/C2 = 6.63/6.81/8.38  trans = 72.4/66.5/78.1  win 43%
[probe] GT rotations orthonormalized (max element change 1.41e-03)
M-V/I1 ycb/mustard0: n=36 rot snapref/C1/C2 = 5.55/6.40/4.62  trans = 68.5/68.4/44.7  win 56%
[probe] GT rotations orthonormalized (max element change 7.66e-07)
M-V/I1 ycb/mustard_easy_00_02: n=31 rot snapref/C1/C2 = 5.38/3.99/3.78  trans = 57.4/35.0/32.2  win 35%
[probe] GT rotations orthonormalized (max element change 3.88e-04)
M-V/I1 ycb/sugar_box1: n=42 rot snapref/C1/C2 = 7.48/5.91/6.27  trans = 87.7/61.8/67.9  win 48%
[probe] GT rotations orthonormalized (max element change 1.50e-03)
M-V/I1 ycb/sugar_box_yalehand0: n=42 rot snapref/C1/C2 = 5.77/6.91/7.04  trans = 62.5/71.9/68.2  win 69%
[probe] GT rotations orthonormalized (max element change 1.48e-03)
M-V/I1 ycb/tomato_soup_can_yalehand0: n=215 rot snapref/C1/C2 = 26.63/32.57/35.97  trans = 263.9/307.9/359.3  win 49%
[probe] GT rotations orthonormalized (max element change 3.97e-08)
M-V/I2 ho3d/AP12: n=170 rot snapref/C1/C2 = 5.04/2.03/3.07  trans = 34.8/16.4/23.0  win 10%
[probe] GT rotations orthonormalized (max element change 4.09e-08)
M-V/I2 ho3d/MPM10: n=236 rot snapref/C1/C2 = 9.35/5.82/4.85  trans = 62.1/31.0/30.6  win 27%
[probe] GT rotations orthonormalized (max element change 1.41e-03)
M-V/I2 ycb/mustard0: n=36 rot snapref/C1/C2 = 6.52/6.40/4.62  trans = 76.6/68.4/44.7  win 50%
| 설정 | seq | 새 KF | chain+R-online 기준 rot° | C1 rot° | C2 rot° | trans mm | C1 trans | C2 trans | rot<C1 KF 비율 |
|---|---|---|---|---|---|---|---|---|---|
| M-O/I0/chain | AP10 | 176 | 9.10 | 6.10 | 5.56 | 90.4 | 31.6 | 27.8 | 28 % |
| M-O/I0/chain | AP11 | 176 | 9.31 | 7.18 | 10.27 | 139.3 | 83.3 | 115.0 | 34 % |
| M-O/I0/chain | AP12 | 170 | 4.74 | 2.03 | 3.07 | 57.2 | 16.4 | 23.0 | 11 % |
| M-O/I0/chain | AP13 | 165 | 4.45 | 2.31 | 2.19 | 50.7 | 19.8 | 18.7 | 19 % |
| M-O/I0/chain | AP14 | 166 | 4.78 | 1.81 | 2.05 | 44.7 | 12.5 | 13.7 | 14 % |
| M-O/I0/chain | MPM10 | 236 | 9.12 | 5.82 | 4.85 | 108.2 | 31.0 | 30.6 | 23 % |
| M-O/I0/chain | MPM11 | 248 | 9.71 | 5.72 | 8.01 | 151.5 | 46.6 | 72.6 | 21 % |
| M-O/I0/chain | MPM12 | 228 | 6.19 | 4.13 | 5.87 | 68.2 | 19.7 | 25.7 | 24 % |
| M-O/I0/chain | MPM13 | 213 | 4.92 | 2.67 | 2.37 | 116.7 | 19.7 | 18.7 | 24 % |
| M-O/I0/chain | MPM14 | 224 | 7.14 | 2.73 | 2.60 | 105.5 | 21.4 | 20.0 | 11 % |
| M-O/I0/chain | SB11 | 218 | 10.50 | 4.58 | 3.77 | 204.1 | 45.6 | 39.9 | 21 % |
| M-O/I0/chain | SB13 | 206 | 6.65 | 3.25 | 3.03 | 105.1 | 24.0 | 21.9 | 27 % |
| M-O/I0/chain | SM1 | 277 | 5.70 | 3.90 | 3.77 | 78.3 | 27.4 | 26.0 | 32 % |
| M-O/I1/chain | AP10 | 176 | 6.89 | 6.10 | 5.56 | 64.5 | 31.6 | 27.8 | 34 % |
| M-O/I1/chain | AP11 | 176 | 7.53 | 7.18 | 10.27 | 107.8 | 83.3 | 115.0 | 44 % |
| M-O/I1/chain | AP12 | 170 | 3.33 | 2.03 | 3.07 | 36.8 | 16.4 | 23.0 | 29 % |
| M-O/I1/chain | AP13 | 165 | 3.11 | 2.31 | 2.19 | 38.4 | 19.8 | 18.7 | 33 % |
| M-O/I1/chain | AP14 | 166 | 3.71 | 1.81 | 2.05 | 33.9 | 12.5 | 13.7 | 23 % |
| M-O/I1/chain | MPM10 | 236 | 10.37 | 5.82 | 4.85 | 99.5 | 31.0 | 30.6 | 27 % |
| M-O/I1/chain | MPM11 | 248 | 6.81 | 5.72 | 8.01 | 98.4 | 46.6 | 72.6 | 34 % |
| M-O/I1/chain | MPM12 | 228 | 5.25 | 4.13 | 5.87 | 36.2 | 19.7 | 25.7 | 23 % |
| M-O/I1/chain | MPM13 | 213 | 3.43 | 2.67 | 2.37 | 45.0 | 19.7 | 18.7 | 35 % |
| M-O/I1/chain | MPM14 | 224 | 4.07 | 2.73 | 2.60 | 59.9 | 21.4 | 20.0 | 28 % |
| M-O/I1/chain | SB11 | 218 | 7.44 | 4.58 | 3.77 | 102.1 | 45.6 | 39.9 | 27 % |
| M-O/I1/chain | SB13 | 206 | 5.18 | 3.25 | 3.03 | 69.7 | 24.0 | 21.9 | 33 % |
| M-O/I1/chain | bleach0 | 32 | 21.02 | 19.91 | 24.37 | 312.5 | 214.0 | 208.7 | 25 % |
| M-O/I1/chain | bleach_hard_00_03_chaitanya | 35 | 9.13 | 4.90 | 4.20 | 140.2 | 32.7 | 29.7 | 17 % |
| M-O/I1/chain | cracker_box_reorient | 19 | 6.55 | 5.23 | 5.36 | 150.2 | 39.7 | 48.5 | 42 % |
| M-O/I1/chain | cracker_box_yalehand0 | 37 | 7.94 | 6.81 | 8.38 | 85.7 | 66.5 | 78.1 | 49 % |
| M-O/I1/chain | mustard0 | 36 | 4.38 | 6.40 | 4.62 | 86.1 | 68.4 | 44.7 | 75 % |
| M-O/I1/chain | mustard_easy_00_02 | 31 | 5.59 | 3.99 | 3.78 | 89.8 | 35.0 | 32.2 | 29 % |
| M-O/I1/chain | sugar_box1 | 42 | 8.12 | 5.91 | 6.27 | 102.6 | 61.8 | 67.9 | 48 % |
| M-O/I1/chain | sugar_box_yalehand0 | 42 | 7.86 | 6.91 | 7.04 | 152.2 | 71.9 | 68.2 | 38 % |
| M-O/I1/chain | tomato_soup_can_yalehand0 | 215 | 28.60 | 32.57 | 35.97 | 343.2 | 307.9 | 359.3 | 53 % |
| M-O/I2/chain | AP12 | 170 | 4.98 | 2.03 | 3.07 | 40.9 | 16.4 | 23.0 | 11 % |
| M-O/I2/chain | MPM10 | 236 | 10.56 | 5.82 | 4.85 | 95.0 | 31.0 | 30.6 | 24 % |
| M-O/I2/chain | mustard0 | 36 | 8.27 | 6.40 | 4.62 | 85.2 | 68.4 | 44.7 | 28 % |
| M-V/I0/chain | AP10 | 176 | 6.79 | 6.10 | 5.56 | 38.5 | 31.6 | 27.8 | 36 % |
| M-V/I0/chain | AP11 | 176 | 7.10 | 7.18 | 10.27 | 79.2 | 83.3 | 115.0 | 51 % |
| M-V/I0/chain | AP12 | 170 | 4.14 | 2.03 | 3.07 | 31.3 | 16.4 | 23.0 | 21 % |
| M-V/I0/chain | AP13 | 165 | 3.71 | 2.31 | 2.19 | 31.5 | 19.8 | 18.7 | 25 % |
| M-V/I0/chain | AP14 | 166 | 3.34 | 1.81 | 2.05 | 22.8 | 12.5 | 13.7 | 27 % |
| M-V/I0/chain | MPM10 | 236 | 10.66 | 5.82 | 4.85 | 72.9 | 31.0 | 30.6 | 23 % |
| M-V/I0/chain | MPM11 | 248 | 8.14 | 5.72 | 8.01 | 84.7 | 46.6 | 72.6 | 27 % |
| M-V/I0/chain | MPM12 | 228 | 5.36 | 4.13 | 5.87 | 27.0 | 19.7 | 25.7 | 22 % |
| M-V/I0/chain | MPM13 | 213 | 5.13 | 2.67 | 2.37 | 47.4 | 19.7 | 18.7 | 17 % |
| M-V/I0/chain | MPM14 | 224 | 6.32 | 2.73 | 2.60 | 55.3 | 21.4 | 20.0 | 17 % |
| M-V/I0/chain | SB11 | 218 | 9.48 | 4.58 | 3.77 | 91.5 | 45.6 | 39.9 | 22 % |
| M-V/I0/chain | SB13 | 206 | 5.72 | 3.25 | 3.03 | 44.4 | 24.0 | 21.9 | 23 % |
| M-V/I0/chain | SM1 | 277 | 5.52 | 3.90 | 3.77 | 38.7 | 27.4 | 26.0 | 25 % |
| M-V/I1/chain | AP10 | 176 | 7.26 | 6.10 | 5.56 | 43.2 | 31.6 | 27.8 | 31 % |
| M-V/I1/chain | AP11 | 176 | 7.40 | 7.18 | 10.27 | 81.5 | 83.3 | 115.0 | 48 % |
| M-V/I1/chain | AP12 | 170 | 4.22 | 2.03 | 3.07 | 32.0 | 16.4 | 23.0 | 14 % |
| M-V/I1/chain | AP13 | 165 | 3.18 | 2.31 | 2.19 | 26.6 | 19.8 | 18.7 | 33 % |
| M-V/I1/chain | AP14 | 166 | 3.83 | 1.81 | 2.05 | 25.5 | 12.5 | 13.7 | 22 % |
| M-V/I1/chain | MPM10 | 236 | 9.86 | 5.82 | 4.85 | 68.6 | 31.0 | 30.6 | 23 % |
| M-V/I1/chain | MPM11 | 248 | 6.49 | 5.72 | 8.01 | 67.2 | 46.6 | 72.6 | 35 % |
| M-V/I1/chain | MPM12 | 228 | 4.59 | 4.13 | 5.87 | 25.3 | 19.7 | 25.7 | 38 % |
| M-V/I1/chain | MPM13 | 213 | 3.43 | 2.67 | 2.37 | 34.0 | 19.7 | 18.7 | 33 % |
| M-V/I1/chain | MPM14 | 224 | 3.67 | 2.73 | 2.60 | 32.1 | 21.4 | 20.0 | 25 % |
| M-V/I1/chain | SB11 | 218 | 7.83 | 4.58 | 3.77 | 80.6 | 45.6 | 39.9 | 29 % |
| M-V/I1/chain | SB13 | 206 | 4.74 | 3.25 | 3.03 | 36.2 | 24.0 | 21.9 | 33 % |
| M-V/I1/chain | SM1 | 277 | 5.17 | 3.90 | 3.77 | 38.5 | 27.4 | 26.0 | 24 % |
| M-V/I1/chain | bleach0 | 32 | 20.61 | 19.91 | 24.37 | 240.2 | 214.0 | 208.7 | 28 % |
| M-V/I1/chain | bleach_hard_00_03_chaitanya | 35 | 8.30 | 4.90 | 4.20 | 84.2 | 32.7 | 29.7 | 23 % |
| M-V/I1/chain | cracker_box_reorient | 19 | 5.27 | 5.23 | 5.36 | 81.1 | 39.7 | 48.5 | 32 % |
| M-V/I1/chain | cracker_box_yalehand0 | 37 | 6.63 | 6.81 | 8.38 | 72.4 | 66.5 | 78.1 | 43 % |
| M-V/I1/chain | mustard0 | 36 | 5.55 | 6.40 | 4.62 | 68.5 | 68.4 | 44.7 | 56 % |
| M-V/I1/chain | mustard_easy_00_02 | 31 | 5.38 | 3.99 | 3.78 | 57.4 | 35.0 | 32.2 | 35 % |
| M-V/I1/chain | sugar_box1 | 42 | 7.48 | 5.91 | 6.27 | 87.7 | 61.8 | 67.9 | 48 % |
| M-V/I1/chain | sugar_box_yalehand0 | 42 | 5.77 | 6.91 | 7.04 | 62.5 | 71.9 | 68.2 | 69 % |
| M-V/I1/chain | tomato_soup_can_yalehand0 | 215 | 26.63 | 32.57 | 35.97 | 263.9 | 307.9 | 359.3 | 49 % |
| M-V/I2/chain | AP12 | 170 | 5.04 | 2.03 | 3.07 | 34.8 | 16.4 | 23.0 | 10 % |
| M-V/I2/chain | MPM10 | 236 | 9.35 | 5.82 | 4.85 | 62.1 | 31.0 | 30.6 | 27 % |
| M-V/I2/chain | mustard0 | 36 | 6.52 | 6.40 | 4.62 | 76.6 | 68.4 | 44.7 | 50 % |
| **M-O/I0/chain 평균 ho3d** | 13 seq | | 7.10 | 4.02 | 4.42 | 101.5 | 30.7 | 34.9 | 0/13 seq |
| **M-O/I1/chain 평균 ho3d** | 12 seq | | 5.59 | 4.03 | 4.47 | 66.0 | 31.0 | 35.6 | 0/12 seq |
| **M-O/I1/chain 평균 ycb** | 9 seq | | 11.02 | 10.29 | 11.11 | 162.5 | 99.8 | 104.1 | 2/9 seq |
| **M-O/I2/chain 평균 ho3d** | 2 seq | | 7.77 | 3.92 | 3.96 | 67.9 | 23.7 | 26.8 | 0/2 seq |
| **M-O/I2/chain 평균 ycb** | 1 seq | | 8.27 | 6.40 | 4.62 | 85.2 | 68.4 | 44.7 | 0/1 seq |
| **M-V/I0/chain 평균 ho3d** | 13 seq | | 6.26 | 4.02 | 4.42 | 51.2 | 30.7 | 34.9 | 1/13 seq |
| **M-V/I1/chain 평균 ho3d** | 13 seq | | 5.51 | 4.02 | 4.42 | 45.5 | 30.7 | 34.9 | 0/13 seq |
| **M-V/I1/chain 평균 ycb** | 9 seq | | 10.18 | 10.29 | 11.11 | 113.1 | 99.8 | 104.1 | 4/9 seq |
| **M-V/I2/chain 평균 ho3d** | 2 seq | | 7.19 | 3.92 | 3.96 | 48.5 | 23.7 | 26.8 | 0/2 seq |
| **M-V/I2/chain 평균 ycb** | 1 seq | | 6.52 | 6.40 | 4.62 | 76.6 | 68.4 | 44.7 | 0/1 seq |
