START stage=stage4_I2 model=M-V ckpt=d15bf50a8615c822 cells=4 2026-09-25 13:44:09
[probe] GT rotations orthonormalized (max element change 3.97e-08)
/home/kist/Desktop/BundleSAM3DGS/experiments/vggt_probe/models.py:30: FutureWarning: `torch.cuda.amp.autocast(args...)` is deprecated. Please use `torch.amp.autocast('cuda', args...)` instead.
  with torch.cuda.amp.autocast(dtype=torch.bfloat16):
/home/kist/venvs/vggt_probe/lib/python3.10/site-packages/vggt/models/vggt.py:65: FutureWarning: `torch.cuda.amp.autocast(args...)` is deprecated. Please use `torch.amp.autocast('cuda', args...)` instead.
  with torch.cuda.amp.autocast(enabled=False):
DONE M-V/I2/ref1-8 ho3d/AP12 kf=171 new=170 rot online/oracle/C1/C2=11.03/11.08/2.03/3.07 trans=52.9/52.0/16.4/23.0 302s
[probe] GT rotations orthonormalized (max element change 3.97e-08)
DONE M-V/I2/chain ho3d/AP12 kf=171 new=170 rot online/oracle/C1/C2=30.00/4.52/2.03/3.07 trans=196.2/27.3/16.4/23.0 88s
[probe] GT rotations orthonormalized (max element change 4.09e-08)
/home/kist/Desktop/BundleSAM3DGS/experiments/vggt_probe/run_probe.py:97: RuntimeWarning: All-NaN slice encountered
  log(f"  batch {bi}: ref={b['ref']} new={b['new']} s={s_batch:.3f} s_gt={s_gt:.3f} T1={T1[0]:.2f}deg/{T1[1]:.1f}mm T3={t3:.2f} | new E1 online rot={np.nanmedian([x['rot_online'] for x in nn]):.2f} trans={np.nanmedian([x['trans_online'] for x in nn]):.1f}"
/home/kist/Desktop/BundleSAM3DGS/experiments/vggt_probe/run_probe.py:98: RuntimeWarning: All-NaN slice encountered
  f" oracle rot={np.nanmedian([x['rot_oracle'] for x in nn]):.2f} trans={np.nanmedian([x['trans_oracle'] for x in nn]):.1f} | C1 rot={np.nanmedian([x['rot_c1'] for x in nn]):.2f} t={r['time_s']:.2f}s")
DONE M-V/I2/ref1-8 ho3d/MPM10 kf=244 new=236 rot online/oracle/C1/C2=23.55/22.62/5.82/4.85 trans=163.7/154.8/31.0/30.6 427s
[probe] GT rotations orthonormalized (max element change 4.09e-08)
DONE M-V/I2/chain ho3d/MPM10 kf=244 new=236 rot online/oracle/C1/C2=39.49/5.54/5.82/4.85 trans=350.4/43.0/31.0/30.6 118s
END stage=stage4_I2 2026-09-25 13:59:43
START stage=stage4_I2 model=M-V ckpt=d15bf50a8615c822 cells=2 2026-09-25 13:59:54
[probe] GT rotations orthonormalized (max element change 1.41e-03)
/home/kist/Desktop/BundleSAM3DGS/experiments/vggt_probe/models.py:30: FutureWarning: `torch.cuda.amp.autocast(args...)` is deprecated. Please use `torch.amp.autocast('cuda', args...)` instead.
  with torch.cuda.amp.autocast(dtype=torch.bfloat16):
/home/kist/venvs/vggt_probe/lib/python3.10/site-packages/vggt/models/vggt.py:65: FutureWarning: `torch.cuda.amp.autocast(args...)` is deprecated. Please use `torch.amp.autocast('cuda', args...)` instead.
  with torch.cuda.amp.autocast(enabled=False):
DONE M-V/I2/ref1-8 ycb/mustard0 kf=37 new=36 rot online/oracle/C1/C2=11.12/8.47/6.40/4.62 trans=64.6/69.2/68.4/44.7 51s
[probe] GT rotations orthonormalized (max element change 1.41e-03)
DONE M-V/I2/chain ycb/mustard0 kf=37 new=36 rot online/oracle/C1/C2=24.14/5.09/6.40/4.62 trans=276.4/71.4/68.4/44.7 11s
END stage=stage4_I2 2026-09-25 14:00:57
