START stage=stage3_ycb model=M-O ckpt=c02da418b18bb01d cells=27 2026-09-25 14:01:08
[probe] GT rotations orthonormalized (max element change 3.62e-04)
DONE M-O/I1/ref1-8 ycb/bleach0 kf=33 new=32 rot online/oracle/C1/C2=39.90/20.10/19.91/24.37 trans=457.9/357.1/214.0/208.7 30s
[probe] GT rotations orthonormalized (max element change 3.62e-04)
DONE M-O/I1/ref5-8 ycb/bleach0 kf=33 new=32 rot online/oracle/C1/C2=44.60/30.80/19.91/24.37 trans=472.3/432.4/214.0/208.7 12s
[probe] GT rotations orthonormalized (max element change 3.62e-04)
DONE M-O/I1/chain ycb/bleach0 kf=33 new=32 rot online/oracle/C1/C2=40.64/14.88/19.91/24.37 trans=523.2/247.9/214.0/208.7 8s
[probe] GT rotations orthonormalized (max element change 3.41e-07)
DONE M-O/I1/ref1-8 ycb/bleach_hard_00_03_chaitanya kf=36 new=35 rot online/oracle/C1/C2=15.71/17.06/4.90/4.20 trans=146.0/153.8/32.7/29.7 31s
[probe] GT rotations orthonormalized (max element change 3.41e-07)
DONE M-O/I1/ref5-8 ycb/bleach_hard_00_03_chaitanya kf=36 new=35 rot online/oracle/C1/C2=17.73/17.39/4.90/4.20 trans=140.2/140.2/32.7/29.7 12s
[probe] GT rotations orthonormalized (max element change 3.41e-07)
DONE M-O/I1/chain ycb/bleach_hard_00_03_chaitanya kf=36 new=35 rot online/oracle/C1/C2=14.07/10.37/4.90/4.20 trans=228.8/150.9/32.7/29.7 7s
[probe] GT rotations orthonormalized (max element change 7.77e-16)
DONE M-O/I1/ref1-8 ycb/cracker_box_reorient kf=20 new=19 rot online/oracle/C1/C2=7.90/8.08/5.23/5.36 trans=129.6/123.6/39.7/48.5 15s
[probe] GT rotations orthonormalized (max element change 7.77e-16)
DONE M-O/I1/ref5-8 ycb/cracker_box_reorient kf=20 new=19 rot online/oracle/C1/C2=14.28/11.68/5.23/5.36 trans=161.0/140.5/39.7/48.5 6s
[probe] GT rotations orthonormalized (max element change 7.77e-16)
DONE M-O/I1/chain ycb/cracker_box_reorient kf=20 new=19 rot online/oracle/C1/C2=15.75/6.78/5.23/5.36 trans=187.0/140.1/39.7/48.5 4s
[probe] GT rotations orthonormalized (max element change 3.51e-04)
DONE M-O/I1/ref1-8 ycb/cracker_box_yalehand0 kf=38 new=37 rot online/oracle/C1/C2=31.57/33.77/6.81/8.38 trans=203.7/184.0/66.5/78.1 36s
[probe] GT rotations orthonormalized (max element change 3.51e-04)
DONE M-O/I1/ref5-8 ycb/cracker_box_yalehand0 kf=38 new=37 rot online/oracle/C1/C2=35.12/69.21/6.81/8.38 trans=333.6/289.5/66.5/78.1 15s
[probe] GT rotations orthonormalized (max element change 3.51e-04)
DONE M-O/I1/chain ycb/cracker_box_yalehand0 kf=38 new=37 rot online/oracle/C1/C2=8.11/4.52/6.81/8.38 trans=104.8/60.5/66.5/78.1 10s
[probe] GT rotations orthonormalized (max element change 1.41e-03)
DONE M-O/I1/ref1-8 ycb/mustard0 kf=37 new=36 rot online/oracle/C1/C2=5.91/7.51/6.40/4.62 trans=115.6/92.3/68.4/44.7 35s
[probe] GT rotations orthonormalized (max element change 1.41e-03)
DONE M-O/I1/ref5-8 ycb/mustard0 kf=37 new=36 rot online/oracle/C1/C2=5.90/7.42/6.40/4.62 trans=115.9/111.2/68.4/44.7 14s
[probe] GT rotations orthonormalized (max element change 1.41e-03)
DONE M-O/I1/chain ycb/mustard0 kf=37 new=36 rot online/oracle/C1/C2=101.46/3.03/6.40/4.62 trans=445.4/72.4/68.4/44.7 9s
[probe] GT rotations orthonormalized (max element change 7.66e-07)
DONE M-O/I1/ref1-8 ycb/mustard_easy_00_02 kf=32 new=31 rot online/oracle/C1/C2=6.55/6.06/3.99/3.78 trans=77.2/73.6/35.0/32.2 29s
[probe] GT rotations orthonormalized (max element change 7.66e-07)
DONE M-O/I1/ref5-8 ycb/mustard_easy_00_02 kf=32 new=31 rot online/oracle/C1/C2=8.70/10.29/3.99/3.78 trans=122.6/130.3/35.0/32.2 12s
[probe] GT rotations orthonormalized (max element change 7.66e-07)
DONE M-O/I1/chain ycb/mustard_easy_00_02 kf=32 new=31 rot online/oracle/C1/C2=5.93/5.31/3.99/3.78 trans=100.3/89.9/35.0/32.2 8s
[probe] GT rotations orthonormalized (max element change 3.88e-04)
DONE M-O/I1/ref1-8 ycb/sugar_box1 kf=43 new=42 rot online/oracle/C1/C2=8.85/7.93/5.91/6.27 trans=95.1/76.7/61.8/67.9 41s
[probe] GT rotations orthonormalized (max element change 3.88e-04)
DONE M-O/I1/ref5-8 ycb/sugar_box1 kf=43 new=42 rot online/oracle/C1/C2=12.14/11.78/5.91/6.27 trans=127.1/96.5/61.8/67.9 17s
[probe] GT rotations orthonormalized (max element change 3.88e-04)
DONE M-O/I1/chain ycb/sugar_box1 kf=43 new=42 rot online/oracle/C1/C2=140.49/6.31/5.91/6.27 trans=830.7/84.6/61.8/67.9 11s
[probe] GT rotations orthonormalized (max element change 1.50e-03)
DONE M-O/I1/ref1-8 ycb/sugar_box_yalehand0 kf=43 new=42 rot online/oracle/C1/C2=43.91/45.74/6.91/7.04 trans=183.7/158.3/71.9/68.2 43s
[probe] GT rotations orthonormalized (max element change 1.50e-03)
DONE M-O/I1/ref5-8 ycb/sugar_box_yalehand0 kf=43 new=42 rot online/oracle/C1/C2=67.53/73.78/6.91/7.04 trans=498.0/522.5/71.9/68.2 19s
[probe] GT rotations orthonormalized (max element change 1.50e-03)
DONE M-O/I1/chain ycb/sugar_box_yalehand0 kf=43 new=42 rot online/oracle/C1/C2=79.48/5.85/6.91/7.04 trans=663.6/126.3/71.9/68.2 13s
[probe] GT rotations orthonormalized (max element change 1.48e-03)
DONE M-O/I1/ref1-8 ycb/tomato_soup_can_yalehand0 kf=216 new=215 rot online/oracle/C1/C2=33.19/13.04/32.57/35.97 trans=343.1/105.2/307.9/359.3 245s
[probe] GT rotations orthonormalized (max element change 1.48e-03)
DONE M-O/I1/ref5-8 ycb/tomato_soup_can_yalehand0 kf=216 new=215 rot online/oracle/C1/C2=35.80/13.70/32.57/35.97 trans=380.7/120.4/307.9/359.3 104s
[probe] GT rotations orthonormalized (max element change 1.48e-03)
DONE M-O/I1/chain ycb/tomato_soup_can_yalehand0 kf=216 new=215 rot online/oracle/C1/C2=31.90/1.90/32.57/35.97 trans=428.1/32.7/307.9/359.3 69s
END stage=stage3_ycb 2026-09-25 14:15:21
