START stage=stage3_ycb model=M-V ckpt=d15bf50a8615c822 cells=27 2026-09-25 13:23:39
[probe] GT rotations orthonormalized (max element change 3.62e-04)
/home/kist/Desktop/BundleSAM3DGS/experiments/vggt_probe/models.py:30: FutureWarning: `torch.cuda.amp.autocast(args...)` is deprecated. Please use `torch.amp.autocast('cuda', args...)` instead.
  with torch.cuda.amp.autocast(dtype=torch.bfloat16):
/home/kist/venvs/vggt_probe/lib/python3.10/site-packages/vggt/models/vggt.py:65: FutureWarning: `torch.cuda.amp.autocast(args...)` is deprecated. Please use `torch.amp.autocast('cuda', args...)` instead.
  with torch.cuda.amp.autocast(enabled=False):
DONE M-V/I1/ref1-8 ycb/bleach0 kf=33 new=32 rot online/oracle/C1/C2=20.72/15.07/19.91/24.37 trans=211.3/105.6/214.0/208.7 46s
[probe] GT rotations orthonormalized (max element change 3.62e-04)
DONE M-V/I1/ref5-8 ycb/bleach0 kf=33 new=32 rot online/oracle/C1/C2=20.22/17.36/19.91/24.37 trans=247.3/139.2/214.0/208.7 17s
[probe] GT rotations orthonormalized (max element change 3.62e-04)
DONE M-V/I1/chain ycb/bleach0 kf=33 new=32 rot online/oracle/C1/C2=19.70/8.02/19.91/24.37 trans=456.3/113.1/214.0/208.7 10s
[probe] GT rotations orthonormalized (max element change 3.41e-07)
DONE M-V/I1/ref1-8 ycb/bleach_hard_00_03_chaitanya kf=36 new=35 rot online/oracle/C1/C2=9.33/7.37/4.90/4.20 trans=77.3/78.9/32.7/29.7 49s
[probe] GT rotations orthonormalized (max element change 3.41e-07)
DONE M-V/I1/ref5-8 ycb/bleach_hard_00_03_chaitanya kf=36 new=35 rot online/oracle/C1/C2=6.82/5.14/4.90/4.20 trans=84.4/88.2/32.7/29.7 18s
[probe] GT rotations orthonormalized (max element change 3.41e-07)
DONE M-V/I1/chain ycb/bleach_hard_00_03_chaitanya kf=36 new=35 rot online/oracle/C1/C2=10.75/5.93/4.90/4.20 trans=173.2/79.1/32.7/29.7 9s
[probe] GT rotations orthonormalized (max element change 7.77e-16)
DONE M-V/I1/ref1-8 ycb/cracker_box_reorient kf=20 new=19 rot online/oracle/C1/C2=7.90/4.90/5.23/5.36 trans=83.2/71.4/39.7/48.5 24s
[probe] GT rotations orthonormalized (max element change 7.77e-16)
DONE M-V/I1/ref5-8 ycb/cracker_box_reorient kf=20 new=19 rot online/oracle/C1/C2=10.45/8.11/5.23/5.36 trans=132.0/124.9/39.7/48.5 8s
[probe] GT rotations orthonormalized (max element change 7.77e-16)
DONE M-V/I1/chain ycb/cracker_box_reorient kf=20 new=19 rot online/oracle/C1/C2=6.96/3.48/5.23/5.36 trans=308.7/58.3/39.7/48.5 5s
[probe] GT rotations orthonormalized (max element change 3.51e-04)
DONE M-V/I1/ref1-8 ycb/cracker_box_yalehand0 kf=38 new=37 rot online/oracle/C1/C2=14.25/9.78/6.81/8.38 trans=107.2/70.9/66.5/78.1 55s
[probe] GT rotations orthonormalized (max element change 3.51e-04)
DONE M-V/I1/ref5-8 ycb/cracker_box_yalehand0 kf=38 new=37 rot online/oracle/C1/C2=12.74/11.24/6.81/8.38 trans=157.5/163.0/66.5/78.1 21s
[probe] GT rotations orthonormalized (max element change 3.51e-04)
DONE M-V/I1/chain ycb/cracker_box_yalehand0 kf=38 new=37 rot online/oracle/C1/C2=9.40/5.64/6.81/8.38 trans=137.8/70.9/66.5/78.1 12s
[probe] GT rotations orthonormalized (max element change 1.41e-03)
DONE M-V/I1/ref1-8 ycb/mustard0 kf=37 new=36 rot online/oracle/C1/C2=5.32/5.97/6.40/4.62 trans=59.8/47.5/68.4/44.7 52s
[probe] GT rotations orthonormalized (max element change 1.41e-03)
DONE M-V/I1/ref5-8 ycb/mustard0 kf=37 new=36 rot online/oracle/C1/C2=4.59/5.47/6.40/4.62 trans=51.9/57.6/68.4/44.7 20s
[probe] GT rotations orthonormalized (max element change 1.41e-03)
DONE M-V/I1/chain ycb/mustard0 kf=37 new=36 rot online/oracle/C1/C2=10.70/3.67/6.40/4.62 trans=146.6/44.9/68.4/44.7 12s
[probe] GT rotations orthonormalized (max element change 7.66e-07)
DONE M-V/I1/ref1-8 ycb/mustard_easy_00_02 kf=32 new=31 rot online/oracle/C1/C2=5.56/4.61/3.99/3.78 trans=54.7/59.1/35.0/32.2 44s
[probe] GT rotations orthonormalized (max element change 7.66e-07)
DONE M-V/I1/ref5-8 ycb/mustard_easy_00_02 kf=32 new=31 rot online/oracle/C1/C2=5.55/4.75/3.99/3.78 trans=71.0/63.6/35.0/32.2 17s
[probe] GT rotations orthonormalized (max element change 7.66e-07)
DONE M-V/I1/chain ycb/mustard_easy_00_02 kf=32 new=31 rot online/oracle/C1/C2=5.53/3.69/3.99/3.78 trans=131.6/49.4/35.0/32.2 10s
[probe] GT rotations orthonormalized (max element change 3.88e-04)
DONE M-V/I1/ref1-8 ycb/sugar_box1 kf=43 new=42 rot online/oracle/C1/C2=5.66/3.94/5.91/6.27 trans=81.4/58.1/61.8/67.9 63s
[probe] GT rotations orthonormalized (max element change 3.88e-04)
DONE M-V/I1/ref5-8 ycb/sugar_box1 kf=43 new=42 rot online/oracle/C1/C2=5.55/3.91/5.91/6.27 trans=91.6/66.6/61.8/67.9 23s
[probe] GT rotations orthonormalized (max element change 3.88e-04)
DONE M-V/I1/chain ycb/sugar_box1 kf=43 new=42 rot online/oracle/C1/C2=20.29/4.97/5.91/6.27 trans=566.1/56.7/61.8/67.9 14s
[probe] GT rotations orthonormalized (max element change 1.50e-03)
DONE M-V/I1/ref1-8 ycb/sugar_box_yalehand0 kf=43 new=42 rot online/oracle/C1/C2=7.01/5.03/6.91/7.04 trans=74.8/62.6/71.9/68.2 64s
[probe] GT rotations orthonormalized (max element change 1.50e-03)
DONE M-V/I1/ref5-8 ycb/sugar_box_yalehand0 kf=43 new=42 rot online/oracle/C1/C2=6.75/5.56/6.91/7.04 trans=65.8/69.0/71.9/68.2 25s
[probe] GT rotations orthonormalized (max element change 1.50e-03)
DONE M-V/I1/chain ycb/sugar_box_yalehand0 kf=43 new=42 rot online/oracle/C1/C2=7.77/3.99/6.91/7.04 trans=106.7/53.4/71.9/68.2 15s
[probe] GT rotations orthonormalized (max element change 1.48e-03)
DONE M-V/I1/ref1-8 ycb/tomato_soup_can_yalehand0 kf=216 new=215 rot online/oracle/C1/C2=18.78/8.96/32.57/35.97 trans=250.7/68.4/307.9/359.3 364s
[probe] GT rotations orthonormalized (max element change 1.48e-03)
DONE M-V/I1/ref5-8 ycb/tomato_soup_can_yalehand0 kf=216 new=215 rot online/oracle/C1/C2=20.79/10.91/32.57/35.97 trans=279.5/83.1/307.9/359.3 140s
[probe] GT rotations orthonormalized (max element change 1.48e-03)
DONE M-V/I1/chain ycb/tomato_soup_can_yalehand0 kf=216 new=215 rot online/oracle/C1/C2=17.05/2.21/32.57/35.97 trans=181.5/19.0/307.9/359.3 83s
END stage=stage3_ycb 2026-09-25 13:43:58
