pairs M-O I0 chain ho3d AP10 516
pairs M-O I0 chain ho3d AP11 521
pairs M-O I0 chain ho3d AP12 506
pairs M-O I0 chain ho3d AP13 491
pairs M-O I0 chain ho3d AP14 491
pairs M-O I0 chain ho3d MPM10 697
pairs M-O I0 chain ho3d MPM11 734
pairs M-O I0 chain ho3d MPM12 672
pairs M-O I0 chain ho3d MPM13 629
pairs M-O I0 chain ho3d MPM14 660
pairs M-O I0 chain ho3d SB11 650
pairs M-O I0 chain ho3d SB13 613
pairs M-O I0 chain ho3d SM1 825
pairs M-O I0 ref1-4 ho3d AP10 1728
pairs M-O I0 ref1-4 ho3d AP11 1728
pairs M-O I0 ref1-4 ho3d AP12 1670
pairs M-O I0 ref1-4 ho3d AP13 1620
pairs M-O I0 ref1-4 ho3d AP14 1620
pairs M-O I0 ref1-4 ho3d MPM10 2310
pairs M-O I0 ref1-4 ho3d MPM11 2421
pairs M-O I0 ref1-4 ho3d MPM12 2205
pairs M-O I0 ref1-4 ho3d MPM13 2073
pairs M-O I0 ref1-4 ho3d MPM14 2205
pairs M-O I0 ref1-4 ho3d SB11 2148
pairs M-O I0 ref1-4 ho3d SB13 2030
pairs M-O I0 ref1-4 ho3d SM1 2706
pairs M-O I0 ref1-8 ho3d AP10 6162
pairs M-O I0 ref1-8 ho3d AP11 6154
pairs M-O I0 ref1-8 ho3d AP12 5942
pairs M-O I0 ref1-8 ho3d AP13 5762
pairs M-O I0 ref1-8 ho3d AP14 5770
pairs M-O I0 ref1-8 ho3d MPM10 8250
pairs M-O I0 ref1-8 ho3d MPM11 8607
pairs M-O I0 ref1-8 ho3d MPM12 7915
pairs M-O I0 ref1-8 ho3d MPM13 7352
pairs M-O I0 ref1-8 ho3d MPM14 7801
pairs M-O I0 ref1-8 ho3d SB11 7674
pairs M-O I0 ref1-8 ho3d SB13 7238
pairs M-O I0 ref1-8 ho3d SM1 9660
pairs M-O I0 ref5-4 ho3d AP10 1247
pairs M-O I0 ref5-4 ho3d AP11 1247
pairs M-O I0 ref5-4 ho3d AP12 1208
pairs M-O I0 ref5-4 ho3d AP13 1172
pairs M-O I0 ref5-4 ho3d AP14 1167
pairs M-O I0 ref5-4 ho3d MPM10 1668
pairs M-O I0 ref5-4 ho3d MPM11 1738
pairs M-O I0 ref5-4 ho3d MPM12 1597
pairs M-O I0 ref5-4 ho3d MPM13 1490
pairs M-O I0 ref5-4 ho3d MPM14 1575
pairs M-O I0 ref5-4 ho3d SB11 1550
pairs M-O I0 ref5-4 ho3d SB13 1465
pairs M-O I0 ref5-4 ho3d SM1 1966
pairs M-O I0 ref5-8 ho3d AP10 2672
pairs M-O I0 ref5-8 ho3d AP11 2648
pairs M-O I0 ref5-8 ho3d AP12 2587
pairs M-O I0 ref5-8 ho3d AP13 2509
pairs M-O I0 ref5-8 ho3d AP14 2504
pairs M-O I0 ref5-8 ho3d MPM10 3556
pairs M-O I0 ref5-8 ho3d MPM11 3725
pairs M-O I0 ref5-8 ho3d MPM12 3446
pairs M-O I0 ref5-8 ho3d MPM13 3199
pairs M-O I0 ref5-8 ho3d MPM14 3333
pairs M-O I0 ref5-8 ho3d SB11 3319
pairs M-O I0 ref5-8 ho3d SB13 3142
pairs M-O I0 ref5-8 ho3d SM1 4223
pairs M-O I1 chain ho3d AP10 516
pairs M-O I1 chain ho3d AP11 521
pairs M-O I1 chain ho3d AP12 506
pairs M-O I1 chain ho3d AP13 491
pairs M-O I1 chain ho3d AP14 491
pairs M-O I1 chain ho3d MPM10 697
pairs M-O I1 chain ho3d MPM11 734
pairs M-O I1 chain ho3d MPM12 672
pairs M-O I1 chain ho3d MPM13 629
pairs M-O I1 chain ho3d MPM14 660
pairs M-O I1 chain ho3d SB11 650
pairs M-O I1 chain ho3d SB13 613
pairs M-O I1 chain ho3d SM1 825
pairs M-O I1 chain ycb bleach0 91
pairs M-O I1 chain ycb bleach_hard_00_03_chaitanya 101
pairs M-O I1 chain ycb cracker_box_reorient 55
pairs M-O I1 chain ycb cracker_box_yalehand0 106
pairs M-O I1 chain ycb mustard0 103
pairs M-O I1 chain ycb mustard_easy_00_02 88
pairs M-O I1 chain ycb sugar_box1 121
pairs M-O I1 chain ycb sugar_box_yalehand0 121
pairs M-O I1 chain ycb tomato_soup_can_yalehand0 641
pairs M-O I1 ref1-4 ho3d AP10 1728
pairs M-O I1 ref1-4 ho3d AP11 1728
pairs M-O I1 ref1-4 ho3d AP12 1670
pairs M-O I1 ref1-4 ho3d AP13 1620
pairs M-O I1 ref1-4 ho3d AP14 1620
pairs M-O I1 ref1-4 ho3d MPM10 2310
pairs M-O I1 ref1-4 ho3d MPM11 2421
pairs M-O I1 ref1-4 ho3d MPM12 2205
pairs M-O I1 ref1-4 ho3d MPM13 2073
pairs M-O I1 ref1-4 ho3d MPM14 2205
pairs M-O I1 ref1-4 ho3d SB11 2148
pairs M-O I1 ref1-4 ho3d SB13 2030
pairs M-O I1 ref1-4 ho3d SM1 2706
pairs M-O I1 ref1-8 ho3d AP10 6162
pairs M-O I1 ref1-8 ho3d AP11 6154
pairs M-O I1 ref1-8 ho3d AP12 5942
pairs M-O I1 ref1-8 ho3d AP13 5762
pairs M-O I1 ref1-8 ho3d AP14 5770
pairs M-O I1 ref1-8 ho3d MPM10 8250
pairs M-O I1 ref1-8 ho3d MPM11 8607
pairs M-O I1 ref1-8 ho3d MPM12 7915
pairs M-O I1 ref1-8 ho3d MPM13 7352
pairs M-O I1 ref1-8 ho3d MPM14 7801
pairs M-O I1 ref1-8 ho3d SB11 7674
pairs M-O I1 ref1-8 ho3d SB13 7238
pairs M-O I1 ref1-8 ho3d SM1 9660
pairs M-O I1 ref1-8 ycb bleach0 974
pairs M-O I1 ref1-8 ycb bleach_hard_00_03_chaitanya 1082
pairs M-O I1 ref1-8 ycb cracker_box_reorient 506
pairs M-O I1 ref1-8 ycb cracker_box_yalehand0 1154
pairs M-O I1 ref1-8 ycb mustard0 1118
pairs M-O I1 ref1-8 ycb mustard_easy_00_02 938
pairs M-O I1 ref1-8 ycb sugar_box1 1334
pairs M-O I1 ref1-8 ycb sugar_box_yalehand0 1334
pairs M-O I1 ref1-8 ycb tomato_soup_can_yalehand0 7562
pairs M-O I1 ref5-4 ho3d AP10 1247
pairs M-O I1 ref5-4 ho3d AP11 1247
pairs M-O I1 ref5-4 ho3d AP12 1208
pairs M-O I1 ref5-4 ho3d AP13 1172
pairs M-O I1 ref5-4 ho3d AP14 1167
pairs M-O I1 ref5-4 ho3d MPM10 1668
pairs M-O I1 ref5-4 ho3d MPM11 1738
pairs M-O I1 ref5-4 ho3d MPM12 1597
pairs M-O I1 ref5-4 ho3d MPM13 1490
pairs M-O I1 ref5-4 ho3d MPM14 1575
pairs M-O I1 ref5-4 ho3d SB11 1550
pairs M-O I1 ref5-4 ho3d SB13 1465
pairs M-O I1 ref5-4 ho3d SM1 1966
pairs M-O I1 ref5-8 ho3d AP10 2672
pairs M-O I1 ref5-8 ho3d AP11 2648
pairs M-O I1 ref5-8 ho3d AP12 2587
pairs M-O I1 ref5-8 ho3d AP13 2509
pairs M-O I1 ref5-8 ho3d AP14 2504
pairs M-O I1 ref5-8 ho3d MPM10 3556
pairs M-O I1 ref5-8 ho3d MPM11 3725
pairs M-O I1 ref5-8 ho3d MPM12 3446
pairs M-O I1 ref5-8 ho3d MPM13 3199
pairs M-O I1 ref5-8 ho3d MPM14 3333
pairs M-O I1 ref5-8 ho3d SB11 3319
pairs M-O I1 ref5-8 ho3d SB13 3142
pairs M-O I1 ref5-8 ho3d SM1 4223
pairs M-O I1 ref5-8 ycb bleach0 422
pairs M-O I1 ref5-8 ycb bleach_hard_00_03_chaitanya 481
pairs M-O I1 ref5-8 ycb cracker_box_reorient 211
pairs M-O I1 ref5-8 ycb cracker_box_yalehand0 500
pairs M-O I1 ref5-8 ycb mustard0 490
pairs M-O I1 ref5-8 ycb mustard_easy_00_02 412
pairs M-O I1 ref5-8 ycb sugar_box1 578
pairs M-O I1 ref5-8 ycb sugar_box_yalehand0 578
pairs M-O I1 ref5-8 ycb tomato_soup_can_yalehand0 3289
pairs M-O I2 chain ho3d AP12 506
pairs M-O I2 chain ho3d MPM10 697
pairs M-O I2 chain ycb mustard0 103
pairs M-O I2 ref1-8 ho3d AP12 5942
pairs M-O I2 ref1-8 ho3d MPM10 8250
pairs M-O I2 ref1-8 ycb mustard0 1118
pairs M-V I0 chain ho3d AP10 516
pairs M-V I0 chain ho3d AP11 521
pairs M-V I0 chain ho3d AP12 506
pairs M-V I0 chain ho3d AP13 491
pairs M-V I0 chain ho3d AP14 491
pairs M-V I0 chain ho3d MPM10 697
pairs M-V I0 chain ho3d MPM11 734
pairs M-V I0 chain ho3d MPM12 672
pairs M-V I0 chain ho3d MPM13 629
pairs M-V I0 chain ho3d MPM14 660
pairs M-V I0 chain ho3d SB11 650
pairs M-V I0 chain ho3d SB13 613
pairs M-V I0 chain ho3d SM1 825
pairs M-V I0 ref1-4 ho3d AP10 1728
pairs M-V I0 ref1-4 ho3d AP11 1728
pairs M-V I0 ref1-4 ho3d AP12 1670
pairs M-V I0 ref1-4 ho3d AP13 1620
pairs M-V I0 ref1-4 ho3d AP14 1620
pairs M-V I0 ref1-4 ho3d MPM10 2310
pairs M-V I0 ref1-4 ho3d MPM11 2421
pairs M-V I0 ref1-4 ho3d MPM12 2205
pairs M-V I0 ref1-4 ho3d MPM13 2073
pairs M-V I0 ref1-4 ho3d MPM14 2205
pairs M-V I0 ref1-4 ho3d SB11 2148
pairs M-V I0 ref1-4 ho3d SB13 2030
pairs M-V I0 ref1-4 ho3d SM1 2706
pairs M-V I0 ref1-8 ho3d AP10 6162
pairs M-V I0 ref1-8 ho3d AP11 6154
pairs M-V I0 ref1-8 ho3d AP12 5942
pairs M-V I0 ref1-8 ho3d AP13 5762
pairs M-V I0 ref1-8 ho3d AP14 5770
pairs M-V I0 ref1-8 ho3d MPM10 8250
pairs M-V I0 ref1-8 ho3d MPM11 8607
pairs M-V I0 ref1-8 ho3d MPM12 7915
pairs M-V I0 ref1-8 ho3d MPM13 7352
pairs M-V I0 ref1-8 ho3d MPM14 7801
pairs M-V I0 ref1-8 ho3d SB11 7674
pairs M-V I0 ref1-8 ho3d SB13 7238
pairs M-V I0 ref1-8 ho3d SM1 9660
pairs M-V I0 ref5-4 ho3d AP10 1247
pairs M-V I0 ref5-4 ho3d AP11 1247
pairs M-V I0 ref5-4 ho3d AP12 1208
pairs M-V I0 ref5-4 ho3d AP13 1172
pairs M-V I0 ref5-4 ho3d AP14 1167
pairs M-V I0 ref5-4 ho3d MPM10 1668
pairs M-V I0 ref5-4 ho3d MPM11 1738
pairs M-V I0 ref5-4 ho3d MPM12 1597
pairs M-V I0 ref5-4 ho3d MPM13 1490
pairs M-V I0 ref5-4 ho3d MPM14 1575
pairs M-V I0 ref5-4 ho3d SB11 1550
pairs M-V I0 ref5-4 ho3d SB13 1465
pairs M-V I0 ref5-4 ho3d SM1 1966
pairs M-V I0 ref5-8 ho3d AP10 2672
pairs M-V I0 ref5-8 ho3d AP11 2648
pairs M-V I0 ref5-8 ho3d AP12 2587
pairs M-V I0 ref5-8 ho3d AP13 2509
pairs M-V I0 ref5-8 ho3d AP14 2504
pairs M-V I0 ref5-8 ho3d MPM10 3556
pairs M-V I0 ref5-8 ho3d MPM11 3725
pairs M-V I0 ref5-8 ho3d MPM12 3446
pairs M-V I0 ref5-8 ho3d MPM13 3199
pairs M-V I0 ref5-8 ho3d MPM14 3333
pairs M-V I0 ref5-8 ho3d SB11 3319
pairs M-V I0 ref5-8 ho3d SB13 3142
pairs M-V I0 ref5-8 ho3d SM1 4223
pairs M-V I1 chain ho3d AP10 516
pairs M-V I1 chain ho3d AP11 521
pairs M-V I1 chain ho3d AP12 506
pairs M-V I1 chain ho3d AP13 491
pairs M-V I1 chain ho3d AP14 491
pairs M-V I1 chain ho3d MPM10 697
pairs M-V I1 chain ho3d MPM11 734
pairs M-V I1 chain ho3d MPM12 672
pairs M-V I1 chain ho3d MPM13 629
pairs M-V I1 chain ho3d MPM14 660
pairs M-V I1 chain ho3d SB11 650
pairs M-V I1 chain ho3d SB13 613
pairs M-V I1 chain ho3d SM1 825
pairs M-V I1 chain ycb bleach0 91
pairs M-V I1 chain ycb bleach_hard_00_03_chaitanya 101
pairs M-V I1 chain ycb cracker_box_reorient 55
pairs M-V I1 chain ycb cracker_box_yalehand0 106
pairs M-V I1 chain ycb mustard0 103
pairs M-V I1 chain ycb mustard_easy_00_02 88
pairs M-V I1 chain ycb sugar_box1 121
pairs M-V I1 chain ycb sugar_box_yalehand0 121
pairs M-V I1 chain ycb tomato_soup_can_yalehand0 641
pairs M-V I1 ref1-4 ho3d AP10 1728
pairs M-V I1 ref1-4 ho3d AP11 1728
pairs M-V I1 ref1-4 ho3d AP12 1670
pairs M-V I1 ref1-4 ho3d AP13 1620
pairs M-V I1 ref1-4 ho3d AP14 1620
pairs M-V I1 ref1-4 ho3d MPM10 2310
pairs M-V I1 ref1-4 ho3d MPM11 2421
pairs M-V I1 ref1-4 ho3d MPM12 2205
pairs M-V I1 ref1-4 ho3d MPM13 2073
pairs M-V I1 ref1-4 ho3d MPM14 2205
pairs M-V I1 ref1-4 ho3d SB11 2148
pairs M-V I1 ref1-4 ho3d SB13 2030
pairs M-V I1 ref1-4 ho3d SM1 2706
pairs M-V I1 ref1-8 ho3d AP10 6162
pairs M-V I1 ref1-8 ho3d AP11 6154
pairs M-V I1 ref1-8 ho3d AP12 5942
pairs M-V I1 ref1-8 ho3d AP13 5762
pairs M-V I1 ref1-8 ho3d AP14 5770
pairs M-V I1 ref1-8 ho3d MPM10 8250
pairs M-V I1 ref1-8 ho3d MPM11 8607
pairs M-V I1 ref1-8 ho3d MPM12 7915
pairs M-V I1 ref1-8 ho3d MPM13 7352
pairs M-V I1 ref1-8 ho3d MPM14 7801
pairs M-V I1 ref1-8 ho3d SB11 7674
pairs M-V I1 ref1-8 ho3d SB13 7238
pairs M-V I1 ref1-8 ho3d SM1 9660
pairs M-V I1 ref1-8 ycb bleach0 974
pairs M-V I1 ref1-8 ycb bleach_hard_00_03_chaitanya 1082
pairs M-V I1 ref1-8 ycb cracker_box_reorient 506
pairs M-V I1 ref1-8 ycb cracker_box_yalehand0 1154
pairs M-V I1 ref1-8 ycb mustard0 1118
pairs M-V I1 ref1-8 ycb mustard_easy_00_02 938
pairs M-V I1 ref1-8 ycb sugar_box1 1334
pairs M-V I1 ref1-8 ycb sugar_box_yalehand0 1334
pairs M-V I1 ref1-8 ycb tomato_soup_can_yalehand0 7562
pairs M-V I1 ref5-4 ho3d AP10 1247
pairs M-V I1 ref5-4 ho3d AP11 1247
pairs M-V I1 ref5-4 ho3d AP12 1208
pairs M-V I1 ref5-4 ho3d AP13 1172
pairs M-V I1 ref5-4 ho3d AP14 1167
pairs M-V I1 ref5-4 ho3d MPM10 1668
pairs M-V I1 ref5-4 ho3d MPM11 1738
pairs M-V I1 ref5-4 ho3d MPM12 1597
pairs M-V I1 ref5-4 ho3d MPM13 1490
pairs M-V I1 ref5-4 ho3d MPM14 1575
pairs M-V I1 ref5-4 ho3d SB11 1550
pairs M-V I1 ref5-4 ho3d SB13 1465
pairs M-V I1 ref5-4 ho3d SM1 1966
pairs M-V I1 ref5-8 ho3d AP10 2672
pairs M-V I1 ref5-8 ho3d AP11 2648
pairs M-V I1 ref5-8 ho3d AP12 2587
pairs M-V I1 ref5-8 ho3d AP13 2509
pairs M-V I1 ref5-8 ho3d AP14 2504
pairs M-V I1 ref5-8 ho3d MPM10 3556
pairs M-V I1 ref5-8 ho3d MPM11 3725
pairs M-V I1 ref5-8 ho3d MPM12 3446
pairs M-V I1 ref5-8 ho3d MPM13 3199
pairs M-V I1 ref5-8 ho3d MPM14 3333
pairs M-V I1 ref5-8 ho3d SB11 3319
pairs M-V I1 ref5-8 ho3d SB13 3142
pairs M-V I1 ref5-8 ho3d SM1 4223
pairs M-V I1 ref5-8 ycb bleach0 422
pairs M-V I1 ref5-8 ycb bleach_hard_00_03_chaitanya 481
pairs M-V I1 ref5-8 ycb cracker_box_reorient 211
pairs M-V I1 ref5-8 ycb cracker_box_yalehand0 500
pairs M-V I1 ref5-8 ycb mustard0 490
pairs M-V I1 ref5-8 ycb mustard_easy_00_02 412
pairs M-V I1 ref5-8 ycb sugar_box1 578
pairs M-V I1 ref5-8 ycb sugar_box_yalehand0 578
pairs M-V I1 ref5-8 ycb tomato_soup_can_yalehand0 3289
pairs M-V I2 chain ho3d AP12 506
pairs M-V I2 chain ho3d MPM10 697
pairs M-V I2 chain ycb mustard0 103
pairs M-V I2 ref1-8 ho3d AP12 5942
pairs M-V I2 ref1-8 ho3d MPM10 8250
pairs M-V I2 ref1-8 ycb mustard0 1118
A1 done 836848
