default_cfg {'backbone_type': 'ResNetFPN', 'resolution': (8, 2), 'fine_window_size': 5, 'fine_concat_coarse_feat': True, 'resnetfpn': {'initial_dim': 128, 'block_dims': [128, 196, 256]}, 'coarse': {'d_model': 256, 'd_ffn': 256, 'nhead': 8, 'layer_names': ['self', 'cross', 'self', 'cross', 'self', 'cross', 'self', 'cross'], 'attention': 'linear', 'temp_bug_fix': False}, 'match_coarse': {'thr': 0.2, 'border_rm': 2, 'match_type': 'dual_softmax', 'dsmax_temperature': 0.1, 'skh_iters': 3, 'skh_init_bin_score': 1.0, 'skh_prefilter': True, 'train_coarse_percent': 0.4, 'train_pad_num_gt_min': 200}, 'fine': {'d_model': 128, 'd_ffn': 128, 'nhead': 8, 'layer_names': ['self', 'cross'], 'attention': 'linear'}}
[_client.py] HTTP Request: HEAD https://huggingface.co/facebook/VGGT-1B/resolve/main/model.pt "HTTP/1.1 302 Found"
[vision_transformer.py] using MLP layer as FFN
[probe] GT rotations orthonormalized (max element change 3.97e-08)
AP12 pairs 300 {'[0,15)': 1380, '[15,30)': 2496, '[30,60)': 5924, '[60,90)': 3756, '[90,135)': 979, '[135,180]': 0}
[loftr_wrapper.py] image0: torch.Size([1, 3, 400, 400])
/home/kist/Desktop/BundleSAM3DGS/loftr_wrapper.py:45: FutureWarning: `torch.cuda.amp.autocast(args...)` is deprecated. Please use `torch.amp.autocast('cuda', args...)` instead.
  with torch.cuda.amp.autocast(enabled=True):
Traceback (most recent call last):
  File "/home/kist/Desktop/BundleSAM3DGS/experiments/vggt_probe/p1b_B6.py", line 133, in <module>
    main()
  File "/home/kist/Desktop/BundleSAM3DGS/experiments/vggt_probe/p1b_B6.py", line 97, in main
    corres = loftr.predict(rgbAs=imgA[None, ..., None].repeat(3, -1), rgbBs=imgB[None, ..., None].repeat(3, -1))[0]
  File "/usr/local/lib/python3.10/dist-packages/torch/utils/_contextlib.py", line 116, in decorate_context
    return func(*args, **kwargs)
  File "/home/kist/Desktop/BundleSAM3DGS/loftr_wrapper.py", line 50, in predict
    self.matcher(tmp)
  File "/usr/local/lib/python3.10/dist-packages/torch/nn/modules/module.py", line 1739, in _wrapped_call_impl
    return self._call_impl(*args, **kwargs)
  File "/usr/local/lib/python3.10/dist-packages/torch/nn/modules/module.py", line 1750, in _call_impl
    return forward_call(*args, **kwargs)
  File "/home/kist/Desktop/BundleSAM3DGS/BundleTrack/LoFTR/src/loftr/loftr.py", line 49, in forward
    feats_c, feats_f = self.backbone(torch.cat([data['image0'], data['image1']], dim=0))
  File "/usr/local/lib/python3.10/dist-packages/torch/nn/modules/module.py", line 1739, in _wrapped_call_impl
    return self._call_impl(*args, **kwargs)
  File "/usr/local/lib/python3.10/dist-packages/torch/nn/modules/module.py", line 1750, in _call_impl
    return forward_call(*args, **kwargs)
  File "/home/kist/Desktop/BundleSAM3DGS/BundleTrack/LoFTR/src/loftr/backbone/resnet_fpn.py", line 102, in forward
    x0 = self.relu(self.bn1(self.conv1(x)))
  File "/usr/local/lib/python3.10/dist-packages/torch/nn/modules/module.py", line 1739, in _wrapped_call_impl
    return self._call_impl(*args, **kwargs)
  File "/usr/local/lib/python3.10/dist-packages/torch/nn/modules/module.py", line 1750, in _call_impl
    return forward_call(*args, **kwargs)
  File "/usr/local/lib/python3.10/dist-packages/torch/nn/modules/conv.py", line 554, in forward
    return self._conv_forward(input, self.weight, self.bias)
  File "/usr/local/lib/python3.10/dist-packages/torch/nn/modules/conv.py", line 549, in _conv_forward
    return F.conv2d(
RuntimeError: Given groups=1, weight of size [128, 1, 7, 7], expected input[2, 3, 400, 400] to have 1 channels, but got 3 channels instead
