[tool.py] compute_scene_bounds_worker start
[tool.py] compute_scene_bounds_worker done
[tool.py] merge pcd
[tool.py] compute_translation_scales done
translation_cvcam=[ 0.00029074  0.00425268 -0.00259426], sc_factor=11.038036129256295
[nerf_runner.py] Octree voxel dilate_radius:1
/home/kist/Desktop/BundleSAM3DGS/mycuda/torch_ngp_grid_encoder/grid.py:34: FutureWarning: `torch.cuda.amp.custom_fwd(args...)` is deprecated. Please use `torch.amp.custom_fwd(args..., device_type='cuda')` instead.
  def forward(ctx, inputs, embeddings, offsets, per_level_scale, base_resolution, calc_grad_inputs=False, gridtype=0, align_corners=False):
/home/kist/Desktop/BundleSAM3DGS/mycuda/torch_ngp_grid_encoder/grid.py:76: FutureWarning: `torch.cuda.amp.custom_bwd(args...)` is deprecated. Please use `torch.amp.custom_bwd(args..., device_type='cuda')` instead.
  def backward(ctx, grad):
level 0, resolution: 16
level 1, resolution: 20
level 2, resolution: 24
level 3, resolution: 28
level 4, resolution: 34
level 5, resolution: 41
level 6, resolution: 49
level 7, resolution: 59
level 8, resolution: 71
level 9, resolution: 85
level 10, resolution: 102
level 11, resolution: 123
level 12, resolution: 148
level 13, resolution: 177
level 14, resolution: 213
level 15, resolution: 256
GridEncoder: input_dim=3 n_levels=16 level_dim=2 resolution=16 -> 256 per_level_scale=1.2030 params=(20411696, 2) gridtype=hash align_corners=False
/home/kist/Desktop/BundleSAM3DGS/nerf_runner.py:159: FutureWarning: `torch.cuda.amp.GradScaler(args...)` is deprecated. Please use `torch.amp.GradScaler('cuda', args...)` instead.
  self.amp_scaler = torch.cuda.amp.GradScaler(enabled=self.cfg['amp'])
sc_factor 7.726625290479405
translation [ 0.00029074  0.00425268 -0.00259426]
[nerf_runner.py] denoise cloud
[nerf_runner.py] Denoising rays based on octree cloud
[nerf_runner.py] bad_mask#=68
rays torch.Size([57945, 12])
[nerf_runner.py] train progress 0/501
/home/kist/Desktop/BundleSAM3DGS/nerf_runner.py:1259: FutureWarning: `torch.cuda.amp.autocast(args...)` is deprecated. Please use `torch.amp.autocast('cuda', args...)` instead.
  with torch.cuda.amp.autocast(enabled=self.cfg['amp']):
/home/kist/Desktop/BundleSAM3DGS/nerf_runner.py:1293: FutureWarning: `torch.cuda.amp.autocast(args...)` is deprecated. Please use `torch.amp.autocast('cuda', args...)` instead.
  with torch.cuda.amp.autocast(enabled=self.cfg['amp']):
[nerf_runner.py] Iter: 0, valid_samples: 655360/655360, valid_rays: 2048/2048, loss: 22.0859451, rgb_loss: 20.5106945, rgb0_loss: 0.0000000, fs_rgb_loss: 0.0000000, depth_loss: 0.0000000, depth_loss0: 0.0000000, fs_loss: 0.0283455, point_cloud_loss: 0.0000000, point_cloud_normal_loss: 0.0000000, sdf_loss: 1.3913847, eikonal_loss: 0.0000000, variation_loss: 0.0000000, truncation(meter): 0.0100000, pose_reg: 0.0000000, reg_features: 0.1555211, 

[nerf_runner.py] train progress 50/501
[nerf_runner.py] train progress 100/501
[nerf_runner.py] train progress 150/501
[nerf_runner.py] train progress 200/501
[nerf_runner.py] train progress 250/501
[nerf_runner.py] train progress 300/501
[nerf_runner.py] train progress 350/501
[nerf_runner.py] train progress 400/501
[nerf_runner.py] train progress 450/501
[nerf_runner.py] train progress 500/501
[N] mustard0 I round 1 n=5: 14.7s
[nerf_runner.py] Octree voxel dilate_radius:1
level 0, resolution: 16
level 1, resolution: 20
level 2, resolution: 24
level 3, resolution: 28
level 4, resolution: 34
level 5, resolution: 41
level 6, resolution: 49
level 7, resolution: 59
level 8, resolution: 71
level 9, resolution: 85
level 10, resolution: 102
level 11, resolution: 123
level 12, resolution: 148
level 13, resolution: 177
level 14, resolution: 213
level 15, resolution: 256
GridEncoder: input_dim=3 n_levels=16 level_dim=2 resolution=16 -> 256 per_level_scale=1.2030 params=(20411696, 2) gridtype=hash align_corners=False
/home/kist/Desktop/BundleSAM3DGS/nerf_runner.py:159: FutureWarning: `torch.cuda.amp.GradScaler(args...)` is deprecated. Please use `torch.amp.GradScaler('cuda', args...)` instead.
  self.amp_scaler = torch.cuda.amp.GradScaler(enabled=self.cfg['amp'])
sc_factor 7.726625290479405
translation [ 0.00029074  0.00425268 -0.00259426]
[nerf_runner.py] denoise cloud
[nerf_runner.py] Denoising rays based on octree cloud
[nerf_runner.py] bad_mask#=68
rays torch.Size([123544, 12])
[nerf_runner.py] train progress 0/501
/home/kist/Desktop/BundleSAM3DGS/nerf_runner.py:1259: FutureWarning: `torch.cuda.amp.autocast(args...)` is deprecated. Please use `torch.amp.autocast('cuda', args...)` instead.
  with torch.cuda.amp.autocast(enabled=self.cfg['amp']):
/home/kist/Desktop/BundleSAM3DGS/nerf_runner.py:1293: FutureWarning: `torch.cuda.amp.autocast(args...)` is deprecated. Please use `torch.amp.autocast('cuda', args...)` instead.
  with torch.cuda.amp.autocast(enabled=self.cfg['amp']):
[nerf_runner.py] Iter: 0, valid_samples: 655360/655360, valid_rays: 2048/2048, loss: 21.7778606, rgb_loss: 20.0919075, rgb0_loss: 0.0000000, fs_rgb_loss: 0.0000000, depth_loss: 0.0000000, depth_loss0: 0.0000000, fs_loss: 0.0309328, point_cloud_loss: 0.0000000, point_cloud_normal_loss: 0.0000000, sdf_loss: 1.5085769, eikonal_loss: 0.0000000, variation_loss: 0.0000000, truncation(meter): 0.0100000, pose_reg: 0.0000000, reg_features: 0.1464419, 

[nerf_runner.py] train progress 50/501
[nerf_runner.py] train progress 100/501
[nerf_runner.py] train progress 150/501
[nerf_runner.py] train progress 200/501
[nerf_runner.py] train progress 250/501
[nerf_runner.py] train progress 300/501
[nerf_runner.py] train progress 350/501
[nerf_runner.py] train progress 400/501
[nerf_runner.py] train progress 450/501
[nerf_runner.py] train progress 500/501
[N] mustard0 I round 2 n=10: 14.1s
[nerf_runner.py] Octree voxel dilate_radius:1
level 0, resolution: 16
level 1, resolution: 20
level 2, resolution: 24
level 3, resolution: 28
level 4, resolution: 34
level 5, resolution: 41
level 6, resolution: 49
level 7, resolution: 59
level 8, resolution: 71
level 9, resolution: 85
level 10, resolution: 102
level 11, resolution: 123
level 12, resolution: 148
level 13, resolution: 177
level 14, resolution: 213
level 15, resolution: 256
GridEncoder: input_dim=3 n_levels=16 level_dim=2 resolution=16 -> 256 per_level_scale=1.2030 params=(20411696, 2) gridtype=hash align_corners=False
/home/kist/Desktop/BundleSAM3DGS/nerf_runner.py:159: FutureWarning: `torch.cuda.amp.GradScaler(args...)` is deprecated. Please use `torch.amp.GradScaler('cuda', args...)` instead.
  self.amp_scaler = torch.cuda.amp.GradScaler(enabled=self.cfg['amp'])
sc_factor 7.726625290479405
translation [ 0.00029074  0.00425268 -0.00259426]
[nerf_runner.py] denoise cloud
[nerf_runner.py] Denoising rays based on octree cloud
[nerf_runner.py] bad_mask#=68
rays torch.Size([202237, 12])
[nerf_runner.py] train progress 0/501
/home/kist/Desktop/BundleSAM3DGS/nerf_runner.py:1259: FutureWarning: `torch.cuda.amp.autocast(args...)` is deprecated. Please use `torch.amp.autocast('cuda', args...)` instead.
  with torch.cuda.amp.autocast(enabled=self.cfg['amp']):
/home/kist/Desktop/BundleSAM3DGS/nerf_runner.py:1293: FutureWarning: `torch.cuda.amp.autocast(args...)` is deprecated. Please use `torch.amp.autocast('cuda', args...)` instead.
  with torch.cuda.amp.autocast(enabled=self.cfg['amp']):
[nerf_runner.py] Iter: 0, valid_samples: 655360/655360, valid_rays: 2048/2048, loss: 22.3158054, rgb_loss: 20.8938026, rgb0_loss: 0.0000000, fs_rgb_loss: 0.0000000, depth_loss: 0.0000000, depth_loss0: 0.0000000, fs_loss: 0.0253061, point_cloud_loss: 0.0000000, point_cloud_normal_loss: 0.0000000, sdf_loss: 1.2775054, eikonal_loss: 0.0000000, variation_loss: 0.0000000, truncation(meter): 0.0100000, pose_reg: 0.0000000, reg_features: 0.1191901, 

[nerf_runner.py] train progress 50/501
[nerf_runner.py] train progress 100/501
[nerf_runner.py] train progress 150/501
[nerf_runner.py] train progress 200/501
[nerf_runner.py] train progress 250/501
[nerf_runner.py] train progress 300/501
[nerf_runner.py] train progress 350/501
[nerf_runner.py] train progress 400/501
[nerf_runner.py] train progress 450/501
[nerf_runner.py] train progress 500/501
[N] mustard0 I round 3 n=15: 14.3s
[nerf_runner.py] Octree voxel dilate_radius:1
level 0, resolution: 16
level 1, resolution: 20
level 2, resolution: 24
level 3, resolution: 28
level 4, resolution: 34
level 5, resolution: 41
level 6, resolution: 49
level 7, resolution: 59
level 8, resolution: 71
level 9, resolution: 85
level 10, resolution: 102
level 11, resolution: 123
level 12, resolution: 148
level 13, resolution: 177
level 14, resolution: 213
level 15, resolution: 256
GridEncoder: input_dim=3 n_levels=16 level_dim=2 resolution=16 -> 256 per_level_scale=1.2030 params=(20411696, 2) gridtype=hash align_corners=False
/home/kist/Desktop/BundleSAM3DGS/nerf_runner.py:159: FutureWarning: `torch.cuda.amp.GradScaler(args...)` is deprecated. Please use `torch.amp.GradScaler('cuda', args...)` instead.
  self.amp_scaler = torch.cuda.amp.GradScaler(enabled=self.cfg['amp'])
sc_factor 7.726625290479405
translation [ 0.00029074  0.00425268 -0.00259426]
[nerf_runner.py] denoise cloud
[nerf_runner.py] Denoising rays based on octree cloud
[nerf_runner.py] bad_mask#=68
rays torch.Size([282085, 12])
[nerf_runner.py] train progress 0/501
/home/kist/Desktop/BundleSAM3DGS/nerf_runner.py:1259: FutureWarning: `torch.cuda.amp.autocast(args...)` is deprecated. Please use `torch.amp.autocast('cuda', args...)` instead.
  with torch.cuda.amp.autocast(enabled=self.cfg['amp']):
/home/kist/Desktop/BundleSAM3DGS/nerf_runner.py:1293: FutureWarning: `torch.cuda.amp.autocast(args...)` is deprecated. Please use `torch.amp.autocast('cuda', args...)` instead.
  with torch.cuda.amp.autocast(enabled=self.cfg['amp']):
[nerf_runner.py] Iter: 0, valid_samples: 655359/655360, valid_rays: 2048/2048, loss: 21.9211788, rgb_loss: 20.3240013, rgb0_loss: 0.0000000, fs_rgb_loss: 0.0000000, depth_loss: 0.0000000, depth_loss0: 0.0000000, fs_loss: 0.0299299, point_cloud_loss: 0.0000000, point_cloud_normal_loss: 0.0000000, sdf_loss: 1.4295191, eikonal_loss: 0.0000000, variation_loss: 0.0000000, truncation(meter): 0.0100000, pose_reg: 0.0000000, reg_features: 0.1377270, 

[nerf_runner.py] train progress 50/501
[nerf_runner.py] train progress 100/501
[nerf_runner.py] train progress 150/501
[nerf_runner.py] train progress 200/501
[nerf_runner.py] train progress 250/501
[nerf_runner.py] train progress 300/501
[nerf_runner.py] train progress 350/501
[nerf_runner.py] train progress 400/501
[nerf_runner.py] train progress 450/501
[nerf_runner.py] train progress 500/501
[N] mustard0 I round 4 n=20: 14.3s
[nerf_runner.py] Octree voxel dilate_radius:1
level 0, resolution: 16
level 1, resolution: 20
level 2, resolution: 24
level 3, resolution: 28
level 4, resolution: 34
level 5, resolution: 41
level 6, resolution: 49
level 7, resolution: 59
level 8, resolution: 71
level 9, resolution: 85
level 10, resolution: 102
level 11, resolution: 123
level 12, resolution: 148
level 13, resolution: 177
level 14, resolution: 213
level 15, resolution: 256
GridEncoder: input_dim=3 n_levels=16 level_dim=2 resolution=16 -> 256 per_level_scale=1.2030 params=(20411696, 2) gridtype=hash align_corners=False
/home/kist/Desktop/BundleSAM3DGS/nerf_runner.py:159: FutureWarning: `torch.cuda.amp.GradScaler(args...)` is deprecated. Please use `torch.amp.GradScaler('cuda', args...)` instead.
  self.amp_scaler = torch.cuda.amp.GradScaler(enabled=self.cfg['amp'])
sc_factor 7.726625290479405
translation [ 0.00029074  0.00425268 -0.00259426]
[nerf_runner.py] denoise cloud
[nerf_runner.py] Denoising rays based on octree cloud
[nerf_runner.py] bad_mask#=68
rays torch.Size([376658, 12])
[nerf_runner.py] train progress 0/501
/home/kist/Desktop/BundleSAM3DGS/nerf_runner.py:1259: FutureWarning: `torch.cuda.amp.autocast(args...)` is deprecated. Please use `torch.amp.autocast('cuda', args...)` instead.
  with torch.cuda.amp.autocast(enabled=self.cfg['amp']):
/home/kist/Desktop/BundleSAM3DGS/nerf_runner.py:1293: FutureWarning: `torch.cuda.amp.autocast(args...)` is deprecated. Please use `torch.amp.autocast('cuda', args...)` instead.
  with torch.cuda.amp.autocast(enabled=self.cfg['amp']):
[nerf_runner.py] Iter: 0, valid_samples: 655360/655360, valid_rays: 2048/2048, loss: 21.8925591, rgb_loss: 20.2775402, rgb0_loss: 0.0000000, fs_rgb_loss: 0.0000000, depth_loss: 0.0000000, depth_loss0: 0.0000000, fs_loss: 0.0312262, point_cloud_loss: 0.0000000, point_cloud_normal_loss: 0.0000000, sdf_loss: 1.4445953, eikonal_loss: 0.0000000, variation_loss: 0.0000000, truncation(meter): 0.0100000, pose_reg: 0.0000000, reg_features: 0.1391967, 

[nerf_runner.py] train progress 50/501
[nerf_runner.py] train progress 100/501
[nerf_runner.py] train progress 150/501
[nerf_runner.py] train progress 200/501
[nerf_runner.py] train progress 250/501
[nerf_runner.py] train progress 300/501
[nerf_runner.py] train progress 350/501
[nerf_runner.py] train progress 400/501
[nerf_runner.py] train progress 450/501
[nerf_runner.py] train progress 500/501
[N] mustard0 I round 5 n=25: 14.4s
[nerf_runner.py] Octree voxel dilate_radius:1
level 0, resolution: 16
level 1, resolution: 20
level 2, resolution: 24
level 3, resolution: 28
level 4, resolution: 34
level 5, resolution: 41
level 6, resolution: 49
level 7, resolution: 59
level 8, resolution: 71
level 9, resolution: 85
level 10, resolution: 102
level 11, resolution: 123
level 12, resolution: 148
level 13, resolution: 177
level 14, resolution: 213
level 15, resolution: 256
GridEncoder: input_dim=3 n_levels=16 level_dim=2 resolution=16 -> 256 per_level_scale=1.2030 params=(20411696, 2) gridtype=hash align_corners=False
/home/kist/Desktop/BundleSAM3DGS/nerf_runner.py:159: FutureWarning: `torch.cuda.amp.GradScaler(args...)` is deprecated. Please use `torch.amp.GradScaler('cuda', args...)` instead.
  self.amp_scaler = torch.cuda.amp.GradScaler(enabled=self.cfg['amp'])
sc_factor 7.726625290479405
translation [ 0.00029074  0.00425268 -0.00259426]
[nerf_runner.py] denoise cloud
[nerf_runner.py] Denoising rays based on octree cloud
[nerf_runner.py] bad_mask#=68
rays torch.Size([479958, 12])
[nerf_runner.py] train progress 0/501
/home/kist/Desktop/BundleSAM3DGS/nerf_runner.py:1259: FutureWarning: `torch.cuda.amp.autocast(args...)` is deprecated. Please use `torch.amp.autocast('cuda', args...)` instead.
  with torch.cuda.amp.autocast(enabled=self.cfg['amp']):
/home/kist/Desktop/BundleSAM3DGS/nerf_runner.py:1293: FutureWarning: `torch.cuda.amp.autocast(args...)` is deprecated. Please use `torch.amp.autocast('cuda', args...)` instead.
  with torch.cuda.amp.autocast(enabled=self.cfg['amp']):
[nerf_runner.py] Iter: 0, valid_samples: 655360/655360, valid_rays: 2048/2048, loss: 21.8234692, rgb_loss: 20.2031784, rgb0_loss: 0.0000000, fs_rgb_loss: 0.0000000, depth_loss: 0.0000000, depth_loss0: 0.0000000, fs_loss: 0.0303086, point_cloud_loss: 0.0000000, point_cloud_normal_loss: 0.0000000, sdf_loss: 1.4793618, eikonal_loss: 0.0000000, variation_loss: 0.0000000, truncation(meter): 0.0100000, pose_reg: 0.0000000, reg_features: 0.1106212, 

[nerf_runner.py] train progress 50/501
[nerf_runner.py] train progress 100/501
[nerf_runner.py] train progress 150/501
[nerf_runner.py] train progress 200/501
[nerf_runner.py] train progress 250/501
[nerf_runner.py] train progress 300/501
[nerf_runner.py] train progress 350/501
[nerf_runner.py] train progress 400/501
[nerf_runner.py] train progress 450/501
[nerf_runner.py] train progress 500/501
[N] mustard0 I round 6 n=30: 14.6s
[nerf_runner.py] Octree voxel dilate_radius:1
level 0, resolution: 16
level 1, resolution: 20
level 2, resolution: 24
level 3, resolution: 28
level 4, resolution: 34
level 5, resolution: 41
level 6, resolution: 49
level 7, resolution: 59
level 8, resolution: 71
level 9, resolution: 85
level 10, resolution: 102
level 11, resolution: 123
level 12, resolution: 148
level 13, resolution: 177
level 14, resolution: 213
level 15, resolution: 256
GridEncoder: input_dim=3 n_levels=16 level_dim=2 resolution=16 -> 256 per_level_scale=1.2030 params=(20411696, 2) gridtype=hash align_corners=False
/home/kist/Desktop/BundleSAM3DGS/nerf_runner.py:159: FutureWarning: `torch.cuda.amp.GradScaler(args...)` is deprecated. Please use `torch.amp.GradScaler('cuda', args...)` instead.
  self.amp_scaler = torch.cuda.amp.GradScaler(enabled=self.cfg['amp'])
sc_factor 7.726625290479405
translation [ 0.00029074  0.00425268 -0.00259426]
[nerf_runner.py] denoise cloud
[nerf_runner.py] Denoising rays based on octree cloud
[nerf_runner.py] bad_mask#=68
rays torch.Size([590790, 12])
[nerf_runner.py] train progress 0/501
/home/kist/Desktop/BundleSAM3DGS/nerf_runner.py:1259: FutureWarning: `torch.cuda.amp.autocast(args...)` is deprecated. Please use `torch.amp.autocast('cuda', args...)` instead.
  with torch.cuda.amp.autocast(enabled=self.cfg['amp']):
/home/kist/Desktop/BundleSAM3DGS/nerf_runner.py:1293: FutureWarning: `torch.cuda.amp.autocast(args...)` is deprecated. Please use `torch.amp.autocast('cuda', args...)` instead.
  with torch.cuda.amp.autocast(enabled=self.cfg['amp']):
[nerf_runner.py] Iter: 0, valid_samples: 655359/655360, valid_rays: 2048/2048, loss: 21.6540489, rgb_loss: 19.9343910, rgb0_loss: 0.0000000, fs_rgb_loss: 0.0000000, depth_loss: 0.0000000, depth_loss0: 0.0000000, fs_loss: 0.0331480, point_cloud_loss: 0.0000000, point_cloud_normal_loss: 0.0000000, sdf_loss: 1.5543857, eikonal_loss: 0.0000000, variation_loss: 0.0000000, truncation(meter): 0.0100000, pose_reg: 0.0000000, reg_features: 0.1321235, 

[nerf_runner.py] train progress 50/501
[nerf_runner.py] train progress 100/501
[nerf_runner.py] train progress 150/501
[nerf_runner.py] train progress 200/501
[nerf_runner.py] train progress 250/501
[nerf_runner.py] train progress 300/501
[nerf_runner.py] train progress 350/501
[nerf_runner.py] train progress 400/501
[nerf_runner.py] train progress 450/501
[nerf_runner.py] train progress 500/501
[N] mustard0 I round 7 n=35: 15.0s
[nerf_runner.py] Octree voxel dilate_radius:1
level 0, resolution: 16
level 1, resolution: 20
level 2, resolution: 24
level 3, resolution: 28
level 4, resolution: 34
level 5, resolution: 41
level 6, resolution: 49
level 7, resolution: 59
level 8, resolution: 71
level 9, resolution: 85
level 10, resolution: 102
level 11, resolution: 123
level 12, resolution: 148
level 13, resolution: 177
level 14, resolution: 213
level 15, resolution: 256
GridEncoder: input_dim=3 n_levels=16 level_dim=2 resolution=16 -> 256 per_level_scale=1.2030 params=(20411696, 2) gridtype=hash align_corners=False
/home/kist/Desktop/BundleSAM3DGS/nerf_runner.py:159: FutureWarning: `torch.cuda.amp.GradScaler(args...)` is deprecated. Please use `torch.amp.GradScaler('cuda', args...)` instead.
  self.amp_scaler = torch.cuda.amp.GradScaler(enabled=self.cfg['amp'])
sc_factor 7.726625290479405
translation [ 0.00029074  0.00425268 -0.00259426]
[nerf_runner.py] denoise cloud
[nerf_runner.py] Denoising rays based on octree cloud
[nerf_runner.py] bad_mask#=68
rays torch.Size([606483, 12])
[nerf_runner.py] train progress 0/501
/home/kist/Desktop/BundleSAM3DGS/nerf_runner.py:1259: FutureWarning: `torch.cuda.amp.autocast(args...)` is deprecated. Please use `torch.amp.autocast('cuda', args...)` instead.
  with torch.cuda.amp.autocast(enabled=self.cfg['amp']):
/home/kist/Desktop/BundleSAM3DGS/nerf_runner.py:1293: FutureWarning: `torch.cuda.amp.autocast(args...)` is deprecated. Please use `torch.amp.autocast('cuda', args...)` instead.
  with torch.cuda.amp.autocast(enabled=self.cfg['amp']):
[nerf_runner.py] Iter: 0, valid_samples: 655360/655360, valid_rays: 2048/2048, loss: 21.8328247, rgb_loss: 20.1742592, rgb0_loss: 0.0000000, fs_rgb_loss: 0.0000000, depth_loss: 0.0000000, depth_loss0: 0.0000000, fs_loss: 0.0318530, point_cloud_loss: 0.0000000, point_cloud_normal_loss: 0.0000000, sdf_loss: 1.4988056, eikonal_loss: 0.0000000, variation_loss: 0.0000000, truncation(meter): 0.0100000, pose_reg: 0.0000000, reg_features: 0.1279069, 

[nerf_runner.py] train progress 50/501
[nerf_runner.py] train progress 100/501
[nerf_runner.py] train progress 150/501
[nerf_runner.py] train progress 200/501
[nerf_runner.py] train progress 250/501
[nerf_runner.py] train progress 300/501
[nerf_runner.py] train progress 350/501
[nerf_runner.py] train progress 400/501
[nerf_runner.py] train progress 450/501
[nerf_runner.py] train progress 500/501
[N] mustard0 I round 8 n=36: 14.9s
